2026-08-21 15:41:13.365988: I tensorflow/core/util/port.cc:153] oneDNN custom operations are on. You may see slightly different numerical results due to floating-point round-off errors from different computation orders. To turn them off, set the environment variable `TF_ENABLE_ONEDNN_OPTS=0`.
2026-08-21 15:41:13.385909: I tensorflow/core/platform/cpu_feature_guard.cc:210] This TensorFlow binary is optimized to use available CPU instructions in performance-critical operations.
To enable the following instructions: AVX2 AVX_VNNI FMA, in other operations, rebuild TensorFlow with the appropriate compiler flags.
2026-08-21 15:41:14.027533: I tensorflow/core/util/port.cc:153] oneDNN custom operations are on. You may see slightly different numerical results due to floating-point round-off errors from different computation orders. To turn them off, set the environment variable `TF_ENABLE_ONEDNN_OPTS=0`.
/home/nagmibano/.local/lib/python3.10/site-packages/keras/src/models/functional.py:225: UserWarning: The structure of `inputs` doesn't match the expected structure: ['morgan', 'rdkit', 'maccs', 'chemberta']. Received: the structure of inputs=('*', '*', '*', '*')
  warnings.warn(
15:42:34 | INFO    | NB14 | bootstrap 1/20 done
15:43:52 | INFO    | NB14 | bootstrap 2/20 done
15:45:11 | INFO    | NB14 | bootstrap 3/20 done
15:46:29 | INFO    | NB14 | bootstrap 4/20 done
15:47:47 | INFO    | NB14 | bootstrap 5/20 done
15:49:04 | INFO    | NB14 | bootstrap 6/20 done
15:50:22 | INFO    | NB14 | bootstrap 7/20 done
15:51:39 | INFO    | NB14 | bootstrap 8/20 done
15:52:57 | INFO    | NB14 | bootstrap 9/20 done
15:54:15 | INFO    | NB14 | bootstrap 10/20 done
15:55:33 | INFO    | NB14 | bootstrap 11/20 done
15:56:51 | INFO    | NB14 | bootstrap 12/20 done
15:58:09 | INFO    | NB14 | bootstrap 13/20 done
15:59:27 | INFO    | NB14 | bootstrap 14/20 done
16:00:44 | INFO    | NB14 | bootstrap 15/20 done
16:02:02 | INFO    | NB14 | bootstrap 16/20 done
16:03:20 | INFO    | NB14 | bootstrap 17/20 done
16:04:38 | INFO    | NB14 | bootstrap 18/20 done
16:05:56 | INFO    | NB14 | bootstrap 19/20 done
16:07:14 | INFO    | NB14 | bootstrap 20/20 done
/home/nagmibano/.local/lib/python3.10/site-packages/keras/src/models/functional.py:225: UserWarning: The structure of `inputs` doesn't match the expected structure: ['morgan', 'rdkit', 'maccs', 'chemberta']. Received: the structure of inputs=('*', '*', '*', '*')
  warnings.warn(
16:07:54 | INFO    | NB14 | fold 0 importance done
/home/nagmibano/.local/lib/python3.10/site-packages/keras/src/models/functional.py:225: UserWarning: The structure of `inputs` doesn't match the expected structure: ['morgan', 'rdkit', 'maccs', 'chemberta']. Received: the structure of inputs=('*', '*', '*', '*')
  warnings.warn(
16:08:34 | INFO    | NB14 | fold 1 importance done
/home/nagmibano/.local/lib/python3.10/site-packages/keras/src/models/functional.py:225: UserWarning: The structure of `inputs` doesn't match the expected structure: ['morgan', 'rdkit', 'maccs', 'chemberta']. Received: the structure of inputs=('*', '*', '*', '*')
  warnings.warn(
16:09:14 | INFO    | NB14 | fold 2 importance done
/home/nagmibano/.local/lib/python3.10/site-packages/keras/src/models/functional.py:225: UserWarning: The structure of `inputs` doesn't match the expected structure: ['morgan', 'rdkit', 'maccs', 'chemberta']. Received: the structure of inputs=('*', '*', '*', '*')
  warnings.warn(
16:09:53 | INFO    | NB14 | fold 3 importance done
/home/nagmibano/.local/lib/python3.10/site-packages/keras/src/models/functional.py:225: UserWarning: The structure of `inputs` doesn't match the expected structure: ['morgan', 'rdkit', 'maccs', 'chemberta']. Received: the structure of inputs=('*', '*', '*', '*')
  warnings.warn(
16:10:33 | INFO    | NB14 | fold 4 importance done

================ DEEPENTXAI-14 (feature stability) ================
  across-fold mean pairwise Spearman: 0.19
  descriptor                 mean      sd top10-freq
  fr_azo                   0.0027  0.0012        1.0
  fr_COO                   0.0008  0.0003       0.95
  fr_Ar_NH                 0.0006  0.0003        0.7
  VSA_EState3              0.0005  0.0002        0.7
  NHOHCount                0.0004  0.0002       0.55
  fr_SH                    0.0004  0.0004        0.4
  PEOE_VSA14               0.0003  0.0003       0.45
  VSA_EState9              0.0003  0.0003        0.4
  fr_Imine                 0.0003  0.0003        0.4
  SlogP_VSA5               0.0003  0.0001       0.25
